keycode  55 = F112    # Numeric keypad *.
keycode  69 = F110    # NumLock.
keycode  71 = F107    # Numeric keypad 7.
keycode  72 = F108    # Numeric keypad 8.
keycode  73 = F109    # Numeric keypad 9.
keycode  74 = F113    # Numeric keypad -.
keycode  75 = F104    # Numeric keypad 4.
keycode  76 = F105    # Numeric keypad 5.
keycode  77 = F106    # Numeric keypad 6.
keycode  78 = F114    # Numeric keypad +.
keycode  79 = F101    # Numeric keypad 1.
keycode  80 = F102    # Numeric keypad 2.
keycode  81 = F103    # Numeric keypad 3.
keycode  82 = F100    # Numeric keypad 0.
keycode  83 = F116    # Numeric keypad ..
keycode  96 = F115    # Numeric keypad Enter.
keycode  98 = F111    # Numeric keypad /.

string F100 = "33Op"
string F101 = "33Oq"
string F102 = "33Or"
string F103 = "33Os"
string F104 = "33Ot"
string F105 = "33Ou"
string F106 = "33Ov"
string F107 = "33Ow"
string F108 = "33Ox"
string F109 = "33Oy"
string F110 = "33OP"
string F111 = "33Oo"
string F112 = "33Oj"
string F113 = "33Om"
string F114 = "33Ok"
string F115 = "33OM"
string F116 = "33On"
